// Jest Snapshot v1, https://goo.gl/fbAQLP

exports[`People should match snapshot when all data is passed correctly 1`] = `
<div
  className="People"
>
  <h1
    className="title"
  >
    People
  </h1>
  <div
    className="button-container"
  >
    <button
      className="btn"
    >
      MAIN
    </button>
    <button
      className="btn"
    >
      PLANETS
    </button>
    <button
      className="btn"
    >
      VEHICLES
    </button>
  </div>
  <div
    className="card-container"
  >
    <div
      className="card"
      key="0"
    >
      <p>
        Name: 
        Jim
      </p>
      <p>
        Homeworld: 
      </p>
      <p>
        Population: 
      </p>
    </div>
    <div
      className="card"
      key="1"
    >
      <p>
        Name: 
        Frank
      </p>
      <p>
        Homeworld: 
      </p>
      <p>
        Population: 
      </p>
    </div>
    <div
      className="card"
      key="2"
    >
      <p>
        Name: 
        Harry
      </p>
      <p>
        Homeworld: 
      </p>
      <p>
        Population: 
      </p>
    </div>
  </div>
</div>
`;
