// Jest Snapshot v1, https://goo.gl/fbAQLP

exports[`Vehicles should match snapshot when all data is passed correctly 1`] = `
<div
  className="Vehicles"
>
  <h1
    className="title"
  >
    Vehicles
  </h1>
  <div
    className="button-container"
  >
    <button
      className="btn"
    >
      MAIN
    </button>
    <button
      className="btn"
    >
      PEOPLE
    </button>
    <button
      className="btn"
    >
      PLANETS
    </button>
  </div>
  <div
    className="card-container"
  >
    <div
      className="card"
      key="0"
    >
      <p>
        Name: 
        Ford
      </p>
      <p>
        Model: 
      </p>
      <p>
        Class: 
      </p>
      <p>
        Number of Passengers:
      </p>
    </div>
    <div
      className="card"
      key="1"
    >
      <p>
        Name: 
        Tesla
      </p>
      <p>
        Model: 
      </p>
      <p>
        Class: 
      </p>
      <p>
        Number of Passengers:
      </p>
    </div>
    <div
      className="card"
      key="2"
    >
      <p>
        Name: 
        Nissan
      </p>
      <p>
        Model: 
      </p>
      <p>
        Class: 
      </p>
      <p>
        Number of Passengers:
      </p>
    </div>
  </div>
</div>
`;
