// Jest Snapshot v1, https://goo.gl/fbAQLP

exports[`People should match snapshot when all data is passed correctly 1`] = `
<div
  className="landing"
>
  <div
    className="fade"
  >
    <section
      className="star-wars"
    >
      <div
        className="crawl"
      >
        <div
          className="title"
        >
          <p>
            Episode 
          </p>
          <h1 />
        </div>
      </div>
    </section>
  </div>
</div>
`;
